Training<lv=5 spd=30 pow=17 ski=4 ptn=spd@5,wis@3>