Training<lv=3 wis=24 ski=8 spd=6 ptn=oth@4,spd@5,wis@5>