Training<lv=2 spd=19 pow=10 ski=3 ptn=frd@4,wis@5>