Training<lv=1 sta=15 gut=6 ski=3 ptn=oth@1,pow@4,pow@2>