Training<lv=1 spd=21 pow=13 ski=4 ptn=frd@2,spd@4,sta@4>