Training<pow=11 sta=7 ski=4 vit=-20.0% fail=0% lv=1 ptn=gut(18%),spd@2(0%)>
>>>>>>> d95fa9d764f85eeb51025c0087f409db23c23671
