{
  "date": [
    1,
    0,
    0
  ],
  "mood": [
    1.0,
    1.0
  ],
  "scenario": "新設！　URAファイナルズ！！",
  "vitality": 1.0,
  "maxVitality": 100,
  "speed": 158,
  "stamina": 190,
  "power": 67,
  "guts": 95,
  "wisdom": 90,
  "fanCount": 0,
  "turf": "",
  "dart": "",
  "sprint": "",
  "mile": "",
  "intermediate": "",
  "long": "",
  "last": "",
  "middle": "",
  "head": "",
  "lead": "",
  "condition": 0
}